// Jest Snapshot v1, https://goo.gl/fbAQLP

exports[`Landing Page renders correctly 1`] = `
<DocumentFragment>
  <div
    class="landing-page"
  >
    <div
      class="welcome"
    >
      <h2
        class="welcome_heading"
      >
        No planning? No problem.
      </h2>
      <p
        class="welcome_text"
      >
        Downloadable, customisable AI-generated lesson plans for Key Stages 1 and 2.
      </p>
      <a
        class="button"
        href="/year-group"
      >
        Let's get started
      </a>
    </div>
    <img
      alt="teacher in classroom"
      class="image"
      src="landing-page.png"
    />
  </div>
</DocumentFragment>
`;
